nouvelle session
ajoute candidat Paul
ajoute candidat Margot
ajoute formation Université Côte d'Azur (1 places)
ajoute formation Université de Toulon (1 places)
ajoute candidat Paul
ajoute formation Université Côte d'Azur (1 places)
ajoute voeu de Paul pour Université Côte d'Azur (rang=1)
ajoute voeu de Paul pour Mt Olympe (rang=0)
ajoute voeu de Paul pour Université de Toulon
ajoute voeu de Margot pour Université Côte d'Azur
Paul renonce à Université Côte d'Azur
ajoute voeu de Margot pour Université de Toulon (rang=1)
ajoute voeu de Paul pour Université Côte d'Azur (rang=1)
commission de classement de Université Côte d'Azur : [Margot; Paul]
commission de classement de Université de Toulon : [Paul; Margot]
réunit commissions
nouveau jour
Voeux en attente de Paul : {Université Côte d'Azur(0)}
Propositions en attente de Paul : {Université de Toulon}
Voeux en attente de Margot : {Université de Toulon(0)}
Propositions en attente de Margot : {Université Côte d'Azur}
Paul renonce à Université de Toulon
nouveau jour
Voeux en attente de Paul : {}
Propositions en attente de Paul : {Université Côte d'Azur}
Voeux en attente de Margot : {}
Propositions en attente de Margot : {Université de Toulon}
